// Jest Snapshot v1, https://goo.gl/fbAQLP

exports[`<Pagination /> renders without crashing 1`] = `
<div
  className="pagination__container paginationContainer"
>
  <div
    className="pagination__inner pagination"
  >
    <button
      className="pagination__number number active"
      key="1-pagination"
      onClick={[Function]}
      type="button"
    >
      1
    </button>
    <button
      className="pagination__number number"
      key="2-pagination"
      onClick={[Function]}
      type="button"
    >
      2
    </button>
    <button
      className="pagination__number number"
      key="3-pagination"
      onClick={[Function]}
      type="button"
    >
      3
    </button>
    <button
      className="pagination__number number"
      key="4-pagination"
      onClick={[Function]}
      type="button"
    >
      4
    </button>
    <button
      className="pagination__number number"
      key="5-pagination"
      onClick={[Function]}
      type="button"
    >
      5
    </button>
    <button
      className="pagination__next next"
      onClick={[Function]}
      type="button"
    >
      next
       
      <svgrLoader
        className="chevronRight"
      />
    </button>
  </div>
</div>
`;
