// Jest Snapshot v1, https://goo.gl/fbAQLP

exports[`<Modal /> <ModalHeader/> renders with title prop 1`] = `
<Fragment>
  <h3>
    Login
  </h3>
</Fragment>
`;
