// Jest Snapshot v1, https://goo.gl/fbAQLP

exports[`<Modal /> renders when isOpen property is true 1`] = `
<div
  className="unl-modal__overlay"
  data-modal="true"
  onClick={[Function]}
  style={
    {
      "backgroundColor": undefined,
      "zIndex": "auto",
    }
  }
>
  <div
    className="unl-modal__child unl-modal__child--medium unl-modal__child--in"
  >
    <div
      className="unl-modal__close"
    >
      <button
        className="unl-modal__close-btn"
        onClick={[MockFunction]}
        type="button"
      >
        <svg
          height="12px"
          viewBox="0 0 348.333 348.334"
          width="12px"
          x="0px"
          y="0px"
        >
          <path
            d="M336.559,68.611L231.016,174.165l105.543,105.549c15.699,15.705,15.699,41.145,0,56.85
		c-7.844,7.844-18.128,11.769-28.407,11.769c-10.296,0-20.581-3.919-28.419-11.769L174.167,231.003L68.609,336.563
		c-7.843,7.844-18.128,11.769-28.416,11.769c-10.285,0-20.563-3.919-28.413-11.769c-15.699-15.698-15.699-41.139,0-56.85
		l105.54-105.549L11.774,68.611c-15.699-15.699-15.699-41.145,0-56.844c15.696-15.687,41.127-15.687,56.829,0l105.563,105.554
		L279.721,11.767c15.705-15.687,41.139-15.687,56.832,0C352.258,27.466,352.258,52.912,336.559,68.611z"
          />
        </svg>
      </button>
    </div>
    <div
      className="unl-modal__body"
    >
      <div>
        Test text for modal.
      </div>
    </div>
  </div>
</div>
`;
