// Jest Snapshot v1, https://goo.gl/fbAQLP

exports[`<SignupContainer /> renders without crashing 1`] = `
<WithFormik(Signup)
  onSuccess={[Function]}
  signupHandler={[Function]}
>
  <Formik
    handleSubmit={[Function]}
    initialValues={
      Object {
        "email": "",
        "password": "",
        "passwordConfirm": "",
        "serverAuth": "",
      }
    }
    onSubmit={[Function]}
    onSuccess={[Function]}
    signupHandler={[Function]}
    validationSchema={[Function]}
  >
    <Signup
      dirty={false}
      errors={Object {}}
      getFieldHelpers={[Function]}
      getFieldMeta={[Function]}
      getFieldProps={[Function]}
      handleBlur={[Function]}
      handleChange={[Function]}
      handleReset={[Function]}
      handleSubmit={[Function]}
      initialErrors={Object {}}
      initialTouched={Object {}}
      initialValues={
        Object {
          "email": "",
          "password": "",
          "passwordConfirm": "",
          "serverAuth": "",
        }
      }
      isSubmitting={false}
      isValid={true}
      isValidating={false}
      onSuccess={[Function]}
      registerField={[Function]}
      resetForm={[Function]}
      setErrors={[Function]}
      setFieldError={[Function]}
      setFieldTouched={[Function]}
      setFieldValue={[Function]}
      setFormikState={[Function]}
      setStatus={[Function]}
      setSubmitting={[Function]}
      setTouched={[Function]}
      setValues={[Function]}
      signupHandler={[Function]}
      submitCount={0}
      submitForm={[Function]}
      touched={Object {}}
      unregisterField={[Function]}
      validateField={[Function]}
      validateForm={[Function]}
      validateOnBlur={true}
      validateOnChange={true}
      validateOnMount={false}
      values={
        Object {
          "email": "",
          "password": "",
          "passwordConfirm": "",
          "serverAuth": "",
        }
      }
    >
      <div
        className="unl-signup__container"
      >
        <SignupHeader
          linkComponent={[Function]}
          linkComponentHrefAttr="href"
          loginUrl="/login"
          theme={Object {}}
        >
          <div
            className="unl-signup__header"
          >
            <h2>
              Sign Up
            </h2>
            <p>
              Already have an account?
               
              <DefaultLinkComponent
                href="/login"
              >
                <a
                  href="/login"
                >
                  Login
                </a>
              </DefaultLinkComponent>
            </p>
          </div>
        </SignupHeader>
        <Form
          className="unl-signup__form"
        >
          <form
            action="#"
            className="unl-signup__form"
            onReset={[Function]}
            onSubmit={[Function]}
          >
            <Field
              component={[Function]}
              componentName="signup"
              cssModule={Object {}}
              name="email"
              type="text"
            >
              <CustomInput
                componentName="signup"
                cssModule={Object {}}
                field={
                  Object {
                    "name": "email",
                    "onBlur": [Function],
                    "onChange": [Function],
                    "value": "",
                  }
                }
                form={
                  Object {
                    "dirty": false,
                    "errors": Object {},
                    "getFieldHelpers": [Function],
                    "getFieldMeta": [Function],
                    "getFieldProps": [Function],
                    "handleBlur": [Function],
                    "handleChange": [Function],
                    "handleReset": [Function],
                    "handleSubmit": [Function],
                    "initialErrors": Object {},
                    "initialStatus": undefined,
                    "initialTouched": Object {},
                    "initialValues": Object {
                      "email": "",
                      "password": "",
                      "passwordConfirm": "",
                      "serverAuth": "",
                    },
                    "isSubmitting": false,
                    "isValid": true,
                    "isValidating": false,
                    "registerField": [Function],
                    "resetForm": [Function],
                    "setErrors": [Function],
                    "setFieldError": [Function],
                    "setFieldTouched": [Function],
                    "setFieldValue": [Function],
                    "setFormikState": [Function],
                    "setStatus": [Function],
                    "setSubmitting": [Function],
                    "setTouched": [Function],
                    "setValues": [Function],
                    "status": undefined,
                    "submitCount": 0,
                    "submitForm": [Function],
                    "touched": Object {},
                    "unregisterField": [Function],
                    "validateField": [Function],
                    "validateForm": [Function],
                    "validateOnBlur": true,
                    "validateOnChange": true,
                    "validateOnMount": false,
                    "values": Object {
                      "email": "",
                      "password": "",
                      "passwordConfirm": "",
                      "serverAuth": "",
                    },
                  }
                }
                type="text"
              >
                <div
                  className="unl-signup__form-group"
                >
                  <label
                    className="unl-signup__label"
                    htmlFor="signup-form-email"
                  >
                    Email
                  </label>
                  <input
                    className="unl-signup__input "
                    id="signup-form-email"
                    name="email"
                    onBlur={[Function]}
                    onChange={[Function]}
                    type="text"
                    value=""
                  />
                </div>
              </CustomInput>
            </Field>
            <Field
              component={[Function]}
              componentName="signup"
              cssModule={Object {}}
              name="password"
              type="password"
            >
              <CustomInput
                componentName="signup"
                cssModule={Object {}}
                field={
                  Object {
                    "name": "password",
                    "onBlur": [Function],
                    "onChange": [Function],
                    "value": "",
                  }
                }
                form={
                  Object {
                    "dirty": false,
                    "errors": Object {},
                    "getFieldHelpers": [Function],
                    "getFieldMeta": [Function],
                    "getFieldProps": [Function],
                    "handleBlur": [Function],
                    "handleChange": [Function],
                    "handleReset": [Function],
                    "handleSubmit": [Function],
                    "initialErrors": Object {},
                    "initialStatus": undefined,
                    "initialTouched": Object {},
                    "initialValues": Object {
                      "email": "",
                      "password": "",
                      "passwordConfirm": "",
                      "serverAuth": "",
                    },
                    "isSubmitting": false,
                    "isValid": true,
                    "isValidating": false,
                    "registerField": [Function],
                    "resetForm": [Function],
                    "setErrors": [Function],
                    "setFieldError": [Function],
                    "setFieldTouched": [Function],
                    "setFieldValue": [Function],
                    "setFormikState": [Function],
                    "setStatus": [Function],
                    "setSubmitting": [Function],
                    "setTouched": [Function],
                    "setValues": [Function],
                    "status": undefined,
                    "submitCount": 0,
                    "submitForm": [Function],
                    "touched": Object {},
                    "unregisterField": [Function],
                    "validateField": [Function],
                    "validateForm": [Function],
                    "validateOnBlur": true,
                    "validateOnChange": true,
                    "validateOnMount": false,
                    "values": Object {
                      "email": "",
                      "password": "",
                      "passwordConfirm": "",
                      "serverAuth": "",
                    },
                  }
                }
                type="password"
              >
                <div
                  className="unl-signup__form-group"
                >
                  <label
                    className="unl-signup__label"
                    htmlFor="signup-form-password"
                  >
                    Password
                  </label>
                  <input
                    className="unl-signup__input "
                    id="signup-form-password"
                    name="password"
                    onBlur={[Function]}
                    onChange={[Function]}
                    type="password"
                    value=""
                  />
                </div>
              </CustomInput>
            </Field>
            <Field
              component={[Function]}
              componentName="signup"
              cssModule={Object {}}
              name="passwordConfirm"
              type="password"
            >
              <CustomInput
                componentName="signup"
                cssModule={Object {}}
                field={
                  Object {
                    "name": "passwordConfirm",
                    "onBlur": [Function],
                    "onChange": [Function],
                    "value": "",
                  }
                }
                form={
                  Object {
                    "dirty": false,
                    "errors": Object {},
                    "getFieldHelpers": [Function],
                    "getFieldMeta": [Function],
                    "getFieldProps": [Function],
                    "handleBlur": [Function],
                    "handleChange": [Function],
                    "handleReset": [Function],
                    "handleSubmit": [Function],
                    "initialErrors": Object {},
                    "initialStatus": undefined,
                    "initialTouched": Object {},
                    "initialValues": Object {
                      "email": "",
                      "password": "",
                      "passwordConfirm": "",
                      "serverAuth": "",
                    },
                    "isSubmitting": false,
                    "isValid": true,
                    "isValidating": false,
                    "registerField": [Function],
                    "resetForm": [Function],
                    "setErrors": [Function],
                    "setFieldError": [Function],
                    "setFieldTouched": [Function],
                    "setFieldValue": [Function],
                    "setFormikState": [Function],
                    "setStatus": [Function],
                    "setSubmitting": [Function],
                    "setTouched": [Function],
                    "setValues": [Function],
                    "status": undefined,
                    "submitCount": 0,
                    "submitForm": [Function],
                    "touched": Object {},
                    "unregisterField": [Function],
                    "validateField": [Function],
                    "validateForm": [Function],
                    "validateOnBlur": true,
                    "validateOnChange": true,
                    "validateOnMount": false,
                    "values": Object {
                      "email": "",
                      "password": "",
                      "passwordConfirm": "",
                      "serverAuth": "",
                    },
                  }
                }
                type="password"
              >
                <div
                  className="unl-signup__form-group"
                >
                  <label
                    className="unl-signup__label"
                    htmlFor="signup-form-passwordConfirm"
                  >
                    Password Confirm
                  </label>
                  <input
                    className="unl-signup__input "
                    id="signup-form-passwordConfirm"
                    name="passwordConfirm"
                    onBlur={[Function]}
                    onChange={[Function]}
                    type="password"
                    value=""
                  />
                </div>
              </CustomInput>
            </Field>
            <button
              className="unl-signup__button"
              type="submit"
            >
              Sign Up
            </button>
          </form>
        </Form>
      </div>
    </Signup>
  </Formik>
</WithFormik(Signup)>
`;
